[1.383s] Invoking command in '/home/lorenzo/Desktop/CAR/Unity_Nav2/unity_nav2': PYTHONPATH=/home/lorenzo/Desktop/CAR/Unity_Nav2/unity_nav2/build/unity_nav2/prefix_override:/usr/lib/python3/dist-packages/colcon_core/task/python/colcon_distutils_commands:/home/lorenzo/Desktop/CAR/Unity_Nav2/unity_nav2/install/unity_nav2/lib/python3.10/site-packages:${PYTHONPATH} /usr/bin/python3 -W ignore:setup.py install is deprecated -W ignore:easy_install command is deprecated setup.py egg_info --egg-base build/unity_nav2 build --build-base /home/lorenzo/Desktop/CAR/Unity_Nav2/unity_nav2/build/unity_nav2/build install --record /home/lorenzo/Desktop/CAR/Unity_Nav2/unity_nav2/build/unity_nav2/install.log --single-version-externally-managed install_data
[1.896s] running egg_info
[1.897s] writing build/unity_nav2/unity_nav2.egg-info/PKG-INFO
[1.898s] writing dependency_links to build/unity_nav2/unity_nav2.egg-info/dependency_links.txt
[1.898s] writing entry points to build/unity_nav2/unity_nav2.egg-info/entry_points.txt
[1.898s] writing requirements to build/unity_nav2/unity_nav2.egg-info/requires.txt
[1.899s] writing top-level names to build/unity_nav2/unity_nav2.egg-info/top_level.txt
[1.902s] reading manifest file 'build/unity_nav2/unity_nav2.egg-info/SOURCES.txt'
[1.910s] writing manifest file 'build/unity_nav2/unity_nav2.egg-info/SOURCES.txt'
[1.910s] running build
[1.910s] running build_py
[1.911s] running install
[1.911s] running install_lib
[1.914s] running install_data
[1.914s] running install_egg_info
[1.919s] removing '/home/lorenzo/Desktop/CAR/Unity_Nav2/unity_nav2/install/unity_nav2/lib/python3.10/site-packages/unity_nav2-0.0.0-py3.10.egg-info' (and everything under it)
[1.920s] Copying build/unity_nav2/unity_nav2.egg-info to /home/lorenzo/Desktop/CAR/Unity_Nav2/unity_nav2/install/unity_nav2/lib/python3.10/site-packages/unity_nav2-0.0.0-py3.10.egg-info
[1.923s] running install_scripts
[1.970s] Installing unity_nav2_republish script to /home/lorenzo/Desktop/CAR/Unity_Nav2/unity_nav2/install/unity_nav2/lib/unity_nav2
[1.971s] writing list of installed files to '/home/lorenzo/Desktop/CAR/Unity_Nav2/unity_nav2/build/unity_nav2/install.log'
[2.025s] Invoked command in '/home/lorenzo/Desktop/CAR/Unity_Nav2/unity_nav2' returned '0': PYTHONPATH=/home/lorenzo/Desktop/CAR/Unity_Nav2/unity_nav2/build/unity_nav2/prefix_override:/usr/lib/python3/dist-packages/colcon_core/task/python/colcon_distutils_commands:/home/lorenzo/Desktop/CAR/Unity_Nav2/unity_nav2/install/unity_nav2/lib/python3.10/site-packages:${PYTHONPATH} /usr/bin/python3 -W ignore:setup.py install is deprecated -W ignore:easy_install command is deprecated setup.py egg_info --egg-base build/unity_nav2 build --build-base /home/lorenzo/Desktop/CAR/Unity_Nav2/unity_nav2/build/unity_nav2/build install --record /home/lorenzo/Desktop/CAR/Unity_Nav2/unity_nav2/build/unity_nav2/install.log --single-version-externally-managed install_data
