running egg_info
creating build/my_pub_pkg/my_pub_pkg.egg-info
writing build/my_pub_pkg/my_pub_pkg.egg-info/PKG-INFO
writing dependency_links to build/my_pub_pkg/my_pub_pkg.egg-info/dependency_links.txt
writing entry points to build/my_pub_pkg/my_pub_pkg.egg-info/entry_points.txt
writing requirements to build/my_pub_pkg/my_pub_pkg.egg-info/requires.txt
writing top-level names to build/my_pub_pkg/my_pub_pkg.egg-info/top_level.txt
writing manifest file 'build/my_pub_pkg/my_pub_pkg.egg-info/SOURCES.txt'
reading manifest file 'build/my_pub_pkg/my_pub_pkg.egg-info/SOURCES.txt'
writing manifest file 'build/my_pub_pkg/my_pub_pkg.egg-info/SOURCES.txt'
running build
running build_py
creating /home/lorenzo/Desktop/CAR/Unity_Nav2/my_pub_pkg/build/my_pub_pkg/build
creating /home/lorenzo/Desktop/CAR/Unity_Nav2/my_pub_pkg/build/my_pub_pkg/build/lib
creating /home/lorenzo/Desktop/CAR/Unity_Nav2/my_pub_pkg/build/my_pub_pkg/build/lib/my_pub_pkg
copying my_pub_pkg/__init__.py -> /home/lorenzo/Desktop/CAR/Unity_Nav2/my_pub_pkg/build/my_pub_pkg/build/lib/my_pub_pkg
copying my_pub_pkg/simple_publisher.py -> /home/lorenzo/Desktop/CAR/Unity_Nav2/my_pub_pkg/build/my_pub_pkg/build/lib/my_pub_pkg
running install
running install_lib
creating /home/lorenzo/Desktop/CAR/Unity_Nav2/my_pub_pkg/install/my_pub_pkg/lib/python3.10/site-packages/my_pub_pkg
copying /home/lorenzo/Desktop/CAR/Unity_Nav2/my_pub_pkg/build/my_pub_pkg/build/lib/my_pub_pkg/__init__.py -> /home/lorenzo/Desktop/CAR/Unity_Nav2/my_pub_pkg/install/my_pub_pkg/lib/python3.10/site-packages/my_pub_pkg
copying /home/lorenzo/Desktop/CAR/Unity_Nav2/my_pub_pkg/build/my_pub_pkg/build/lib/my_pub_pkg/simple_publisher.py -> /home/lorenzo/Desktop/CAR/Unity_Nav2/my_pub_pkg/install/my_pub_pkg/lib/python3.10/site-packages/my_pub_pkg
byte-compiling /home/lorenzo/Desktop/CAR/Unity_Nav2/my_pub_pkg/install/my_pub_pkg/lib/python3.10/site-packages/my_pub_pkg/__init__.py to __init__.cpython-310.pyc
byte-compiling /home/lorenzo/Desktop/CAR/Unity_Nav2/my_pub_pkg/install/my_pub_pkg/lib/python3.10/site-packages/my_pub_pkg/simple_publisher.py to simple_publisher.cpython-310.pyc
running install_data
creating /home/lorenzo/Desktop/CAR/Unity_Nav2/my_pub_pkg/install/my_pub_pkg/share/ament_index
creating /home/lorenzo/Desktop/CAR/Unity_Nav2/my_pub_pkg/install/my_pub_pkg/share/ament_index/resource_index
creating /home/lorenzo/Desktop/CAR/Unity_Nav2/my_pub_pkg/install/my_pub_pkg/share/ament_index/resource_index/packages
copying resource/my_pub_pkg -> /home/lorenzo/Desktop/CAR/Unity_Nav2/my_pub_pkg/install/my_pub_pkg/share/ament_index/resource_index/packages
copying package.xml -> /home/lorenzo/Desktop/CAR/Unity_Nav2/my_pub_pkg/install/my_pub_pkg/share/my_pub_pkg
running install_egg_info
Copying build/my_pub_pkg/my_pub_pkg.egg-info to /home/lorenzo/Desktop/CAR/Unity_Nav2/my_pub_pkg/install/my_pub_pkg/lib/python3.10/site-packages/my_pub_pkg-0.0.0-py3.10.egg-info
running install_scripts
Installing simple_publisher script to /home/lorenzo/Desktop/CAR/Unity_Nav2/my_pub_pkg/install/my_pub_pkg/lib/my_pub_pkg
writing list of installed files to '/home/lorenzo/Desktop/CAR/Unity_Nav2/my_pub_pkg/build/my_pub_pkg/install.log'
