[0.080s] DEBUG:colcon:Command line arguments: ['/usr/bin/colcon', 'build']
[0.080s] DEBUG:colcon:Parsed command line arguments: Namespace(log_base=None, log_level=None, verb_name='build', build_base='build', install_base='install', merge_install=False, symlink_install=False, test_result_base=None, continue_on_error=False, executor='parallel', parallel_workers=16, event_handlers=None, ignore_user_meta=False, metas=['./colcon.meta'], base_paths=['.'], packages_ignore=None, packages_ignore_regex=None, paths=None, packages_up_to=None, packages_up_to_regex=None, packages_above=None, packages_above_and_dependencies=None, packages_above_depth=None, packages_select_by_dep=None, packages_skip_by_dep=None, packages_skip_up_to=None, packages_select_build_failed=False, packages_skip_build_finished=False, packages_select_test_failures=False, packages_skip_test_passed=False, packages_select=None, packages_skip=None, packages_select_regex=None, packages_skip_regex=None, packages_start=None, packages_end=None, allow_overriding=[], cmake_args=None, cmake_target=None, cmake_target_skip_unavailable=False, cmake_clean_cache=False, cmake_clean_first=False, cmake_force_configure=False, ament_cmake_args=None, catkin_cmake_args=None, catkin_skip_building_tests=False, verb_parser=<colcon_defaults.argument_parser.defaults.DefaultArgumentsDecorator object at 0x73dffe83f1f0>, verb_extension=<colcon_core.verb.build.BuildVerb object at 0x73dffe83ec50>, main=<bound method BuildVerb.main of <colcon_core.verb.build.BuildVerb object at 0x73dffe83ec50>>)
[0.208s] Level 1:colcon.colcon_core.package_discovery:discover_packages(colcon_meta) check parameters
[0.208s] Level 1:colcon.colcon_core.package_discovery:discover_packages(recursive) check parameters
[0.208s] Level 1:colcon.colcon_core.package_discovery:discover_packages(ignore) check parameters
[0.208s] Level 1:colcon.colcon_core.package_discovery:discover_packages(path) check parameters
[0.208s] Level 1:colcon.colcon_core.package_discovery:discover_packages(colcon_meta) discover
[0.208s] Level 1:colcon.colcon_core.package_discovery:discover_packages(recursive) discover
[0.208s] INFO:colcon.colcon_core.package_discovery:Crawling recursively for packages in '/home/lorenzo/Desktop/CAR/Unity_Nav2/unity_nav2'
[0.208s] Level 1:colcon.colcon_core.package_identification:_identify(.) by extensions ['ignore', 'ignore_ament_install']
[0.208s] Level 1:colcon.colcon_core.package_identification:_identify(.) by extension 'ignore'
[0.208s] Level 1:colcon.colcon_core.package_identification:_identify(.) by extension 'ignore_ament_install'
[0.208s] Level 1:colcon.colcon_core.package_identification:_identify(.) by extensions ['colcon_pkg']
[0.208s] Level 1:colcon.colcon_core.package_identification:_identify(.) by extension 'colcon_pkg'
[0.208s] Level 1:colcon.colcon_core.package_identification:_identify(.) by extensions ['colcon_meta']
[0.208s] Level 1:colcon.colcon_core.package_identification:_identify(.) by extension 'colcon_meta'
[0.208s] Level 1:colcon.colcon_core.package_identification:_identify(.) by extensions ['ros']
[0.209s] Level 1:colcon.colcon_core.package_identification:_identify(.) by extension 'ros'
[0.220s] DEBUG:colcon.colcon_core.package_identification:Package '.' with type 'ros.ament_python' and name 'unity_nav2'
[0.220s] Level 1:colcon.colcon_core.package_discovery:discover_packages(recursive) using defaults
[0.220s] Level 1:colcon.colcon_core.package_discovery:discover_packages(ignore) discover
[0.220s] Level 1:colcon.colcon_core.package_discovery:discover_packages(ignore) using defaults
[0.220s] Level 1:colcon.colcon_core.package_discovery:discover_packages(path) discover
[0.220s] Level 1:colcon.colcon_core.package_discovery:discover_packages(path) using defaults
[0.236s] Level 1:colcon.colcon_core.package_discovery:discover_packages(prefix_path) check parameters
[0.236s] Level 1:colcon.colcon_core.package_discovery:discover_packages(prefix_path) discover
[0.238s] DEBUG:colcon.colcon_installed_package_information.package_discovery:Found 316 installed packages in /opt/ros/humble
[0.252s] Level 1:colcon.colcon_core.package_discovery:discover_packages(prefix_path) using defaults
[0.284s] Level 5:colcon.colcon_core.verb:set package 'unity_nav2' build argument 'cmake_args' from command line to 'None'
[0.284s] Level 5:colcon.colcon_core.verb:set package 'unity_nav2' build argument 'cmake_target' from command line to 'None'
[0.284s] Level 5:colcon.colcon_core.verb:set package 'unity_nav2' build argument 'cmake_target_skip_unavailable' from command line to 'False'
[0.284s] Level 5:colcon.colcon_core.verb:set package 'unity_nav2' build argument 'cmake_clean_cache' from command line to 'False'
[0.284s] Level 5:colcon.colcon_core.verb:set package 'unity_nav2' build argument 'cmake_clean_first' from command line to 'False'
[0.284s] Level 5:colcon.colcon_core.verb:set package 'unity_nav2' build argument 'cmake_force_configure' from command line to 'False'
[0.284s] Level 5:colcon.colcon_core.verb:set package 'unity_nav2' build argument 'ament_cmake_args' from command line to 'None'
[0.284s] Level 5:colcon.colcon_core.verb:set package 'unity_nav2' build argument 'catkin_cmake_args' from command line to 'None'
[0.284s] Level 5:colcon.colcon_core.verb:set package 'unity_nav2' build argument 'catkin_skip_building_tests' from command line to 'False'
[0.284s] DEBUG:colcon.colcon_core.verb:Building package 'unity_nav2' with the following arguments: {'ament_cmake_args': None, 'build_base': '/home/lorenzo/Desktop/CAR/Unity_Nav2/unity_nav2/build/unity_nav2', 'catkin_cmake_args': None, 'catkin_skip_building_tests': False, 'cmake_args': None, 'cmake_clean_cache': False, 'cmake_clean_first': False, 'cmake_force_configure': False, 'cmake_target': None, 'cmake_target_skip_unavailable': False, 'install_base': '/home/lorenzo/Desktop/CAR/Unity_Nav2/unity_nav2/install/unity_nav2', 'merge_install': False, 'path': '/home/lorenzo/Desktop/CAR/Unity_Nav2/unity_nav2', 'symlink_install': False, 'test_result_base': None}
[0.284s] INFO:colcon.colcon_core.executor:Executing jobs using 'parallel' executor
[0.285s] DEBUG:colcon.colcon_parallel_executor.executor.parallel:run_until_complete
[0.285s] INFO:colcon.colcon_ros.task.ament_python.build:Building ROS package in '/home/lorenzo/Desktop/CAR/Unity_Nav2/unity_nav2' with build type 'ament_python'
[0.286s] Level 1:colcon.colcon_core.shell:create_environment_hook('unity_nav2', 'ament_prefix_path')
[0.288s] INFO:colcon.colcon_core.plugin_system:Skipping extension 'colcon_core.shell.bat': Not used on non-Windows systems
[0.288s] INFO:colcon.colcon_core.shell:Creating environment hook '/home/lorenzo/Desktop/CAR/Unity_Nav2/unity_nav2/install/unity_nav2/share/unity_nav2/hook/ament_prefix_path.ps1'
[0.289s] INFO:colcon.colcon_core.shell:Creating environment descriptor '/home/lorenzo/Desktop/CAR/Unity_Nav2/unity_nav2/install/unity_nav2/share/unity_nav2/hook/ament_prefix_path.dsv'
[0.289s] INFO:colcon.colcon_core.shell:Creating environment hook '/home/lorenzo/Desktop/CAR/Unity_Nav2/unity_nav2/install/unity_nav2/share/unity_nav2/hook/ament_prefix_path.sh'
[0.290s] INFO:colcon.colcon_core.shell:Skip shell extension 'powershell' for command environment: Not usable outside of PowerShell
[0.290s] DEBUG:colcon.colcon_core.shell:Skip shell extension 'dsv' for command environment
[0.495s] INFO:colcon.colcon_core.task.python.build:Building Python package in '/home/lorenzo/Desktop/CAR/Unity_Nav2/unity_nav2'
[0.496s] INFO:colcon.colcon_core.shell:Skip shell extension 'powershell' for command environment: Not usable outside of PowerShell
[0.496s] DEBUG:colcon.colcon_core.shell:Skip shell extension 'dsv' for command environment
[0.768s] DEBUG:colcon.colcon_core.event_handler.log_command:Invoking command in '/home/lorenzo/Desktop/CAR/Unity_Nav2/unity_nav2': PYTHONPATH=/home/lorenzo/Desktop/CAR/Unity_Nav2/unity_nav2/build/unity_nav2/prefix_override:/usr/lib/python3/dist-packages/colcon_core/task/python/colcon_distutils_commands:/home/lorenzo/Desktop/CAR/Unity_Nav2/unity_nav2/install/unity_nav2/lib/python3.10/site-packages:${PYTHONPATH} /usr/bin/python3 -W ignore:setup.py install is deprecated -W ignore:easy_install command is deprecated setup.py egg_info --egg-base build/unity_nav2 build --build-base /home/lorenzo/Desktop/CAR/Unity_Nav2/unity_nav2/build/unity_nav2/build install --record /home/lorenzo/Desktop/CAR/Unity_Nav2/unity_nav2/build/unity_nav2/install.log --single-version-externally-managed install_data
[1.002s] DEBUG:colcon.colcon_core.event_handler.log_command:Invoked command in '/home/lorenzo/Desktop/CAR/Unity_Nav2/unity_nav2' returned '0': PYTHONPATH=/home/lorenzo/Desktop/CAR/Unity_Nav2/unity_nav2/build/unity_nav2/prefix_override:/usr/lib/python3/dist-packages/colcon_core/task/python/colcon_distutils_commands:/home/lorenzo/Desktop/CAR/Unity_Nav2/unity_nav2/install/unity_nav2/lib/python3.10/site-packages:${PYTHONPATH} /usr/bin/python3 -W ignore:setup.py install is deprecated -W ignore:easy_install command is deprecated setup.py egg_info --egg-base build/unity_nav2 build --build-base /home/lorenzo/Desktop/CAR/Unity_Nav2/unity_nav2/build/unity_nav2/build install --record /home/lorenzo/Desktop/CAR/Unity_Nav2/unity_nav2/build/unity_nav2/install.log --single-version-externally-managed install_data
[1.004s] Level 1:colcon.colcon_core.environment:checking '/home/lorenzo/Desktop/CAR/Unity_Nav2/unity_nav2/install/unity_nav2' for CMake module files
[1.004s] Level 1:colcon.colcon_core.environment:checking '/home/lorenzo/Desktop/CAR/Unity_Nav2/unity_nav2/install/unity_nav2' for CMake config files
[1.005s] Level 1:colcon.colcon_core.environment:checking '/home/lorenzo/Desktop/CAR/Unity_Nav2/unity_nav2/install/unity_nav2/lib'
[1.005s] Level 1:colcon.colcon_core.environment:checking '/home/lorenzo/Desktop/CAR/Unity_Nav2/unity_nav2/install/unity_nav2/bin'
[1.005s] Level 1:colcon.colcon_core.environment:checking '/home/lorenzo/Desktop/CAR/Unity_Nav2/unity_nav2/install/unity_nav2/lib/pkgconfig/unity_nav2.pc'
[1.005s] Level 1:colcon.colcon_core.environment:checking '/home/lorenzo/Desktop/CAR/Unity_Nav2/unity_nav2/install/unity_nav2/lib/python3.10/site-packages'
[1.005s] Level 1:colcon.colcon_core.shell:create_environment_hook('unity_nav2', 'pythonpath')
[1.005s] INFO:colcon.colcon_core.shell:Creating environment hook '/home/lorenzo/Desktop/CAR/Unity_Nav2/unity_nav2/install/unity_nav2/share/unity_nav2/hook/pythonpath.ps1'
[1.005s] INFO:colcon.colcon_core.shell:Creating environment descriptor '/home/lorenzo/Desktop/CAR/Unity_Nav2/unity_nav2/install/unity_nav2/share/unity_nav2/hook/pythonpath.dsv'
[1.006s] INFO:colcon.colcon_core.shell:Creating environment hook '/home/lorenzo/Desktop/CAR/Unity_Nav2/unity_nav2/install/unity_nav2/share/unity_nav2/hook/pythonpath.sh'
[1.006s] Level 1:colcon.colcon_core.environment:checking '/home/lorenzo/Desktop/CAR/Unity_Nav2/unity_nav2/install/unity_nav2/bin'
[1.006s] Level 1:colcon.colcon_core.environment:create_environment_scripts_only(unity_nav2)
[1.006s] INFO:colcon.colcon_core.shell:Creating package script '/home/lorenzo/Desktop/CAR/Unity_Nav2/unity_nav2/install/unity_nav2/share/unity_nav2/package.ps1'
[1.007s] INFO:colcon.colcon_core.shell:Creating package descriptor '/home/lorenzo/Desktop/CAR/Unity_Nav2/unity_nav2/install/unity_nav2/share/unity_nav2/package.dsv'
[1.008s] INFO:colcon.colcon_core.shell:Creating package script '/home/lorenzo/Desktop/CAR/Unity_Nav2/unity_nav2/install/unity_nav2/share/unity_nav2/package.sh'
[1.008s] INFO:colcon.colcon_core.shell:Creating package script '/home/lorenzo/Desktop/CAR/Unity_Nav2/unity_nav2/install/unity_nav2/share/unity_nav2/package.bash'
[1.009s] INFO:colcon.colcon_core.shell:Creating package script '/home/lorenzo/Desktop/CAR/Unity_Nav2/unity_nav2/install/unity_nav2/share/unity_nav2/package.zsh'
[1.009s] Level 1:colcon.colcon_core.environment:create_file_with_runtime_dependencies(/home/lorenzo/Desktop/CAR/Unity_Nav2/unity_nav2/install/unity_nav2/share/colcon-core/packages/unity_nav2)
[1.010s] DEBUG:colcon.colcon_parallel_executor.executor.parallel:closing loop
[1.010s] DEBUG:colcon.colcon_parallel_executor.executor.parallel:loop closed
[1.010s] DEBUG:colcon.colcon_parallel_executor.executor.parallel:run_until_complete finished with '0'
[1.010s] DEBUG:colcon.colcon_core.event_reactor:joining thread
[1.015s] INFO:colcon.colcon_core.plugin_system:Skipping extension 'colcon_notification.desktop_notification.terminal_notifier': Not used on non-Darwin systems
[1.015s] INFO:colcon.colcon_core.plugin_system:Skipping extension 'colcon_notification.desktop_notification.win32': Not used on non-Windows systems
[1.015s] INFO:colcon.colcon_notification.desktop_notification:Sending desktop notification using 'notify2'
[1.025s] DEBUG:colcon.colcon_core.event_reactor:joined thread
[1.025s] INFO:colcon.colcon_core.shell:Creating prefix script '/home/lorenzo/Desktop/CAR/Unity_Nav2/unity_nav2/install/local_setup.ps1'
[1.027s] INFO:colcon.colcon_core.shell:Creating prefix util module '/home/lorenzo/Desktop/CAR/Unity_Nav2/unity_nav2/install/_local_setup_util_ps1.py'
[1.028s] INFO:colcon.colcon_core.shell:Creating prefix chain script '/home/lorenzo/Desktop/CAR/Unity_Nav2/unity_nav2/install/setup.ps1'
[1.029s] INFO:colcon.colcon_core.shell:Creating prefix script '/home/lorenzo/Desktop/CAR/Unity_Nav2/unity_nav2/install/local_setup.sh'
[1.030s] INFO:colcon.colcon_core.shell:Creating prefix util module '/home/lorenzo/Desktop/CAR/Unity_Nav2/unity_nav2/install/_local_setup_util_sh.py'
[1.030s] INFO:colcon.colcon_core.shell:Creating prefix chain script '/home/lorenzo/Desktop/CAR/Unity_Nav2/unity_nav2/install/setup.sh'
[1.031s] INFO:colcon.colcon_core.shell:Creating prefix script '/home/lorenzo/Desktop/CAR/Unity_Nav2/unity_nav2/install/local_setup.bash'
[1.031s] INFO:colcon.colcon_core.shell:Creating prefix chain script '/home/lorenzo/Desktop/CAR/Unity_Nav2/unity_nav2/install/setup.bash'
[1.032s] INFO:colcon.colcon_core.shell:Creating prefix script '/home/lorenzo/Desktop/CAR/Unity_Nav2/unity_nav2/install/local_setup.zsh'
[1.032s] INFO:colcon.colcon_core.shell:Creating prefix chain script '/home/lorenzo/Desktop/CAR/Unity_Nav2/unity_nav2/install/setup.zsh'
