[0.081s] DEBUG:colcon:Command line arguments: ['/usr/bin/colcon', 'build', '--packages-select', 'my_pub_pkg']
[0.081s] DEBUG:colcon:Parsed command line arguments: Namespace(log_base=None, log_level=None, verb_name='build', build_base='build', install_base='install', merge_install=False, symlink_install=False, test_result_base=None, continue_on_error=False, executor='parallel', parallel_workers=16, event_handlers=None, ignore_user_meta=False, metas=['./colcon.meta'], base_paths=['.'], packages_ignore=None, packages_ignore_regex=None, paths=None, packages_up_to=None, packages_up_to_regex=None, packages_above=None, packages_above_and_dependencies=None, packages_above_depth=None, packages_select_by_dep=None, packages_skip_by_dep=None, packages_skip_up_to=None, packages_select_build_failed=False, packages_skip_build_finished=False, packages_select_test_failures=False, packages_skip_test_passed=False, packages_select=['my_pub_pkg'], packages_skip=None, packages_select_regex=None, packages_skip_regex=None, packages_start=None, packages_end=None, allow_overriding=[], cmake_args=None, cmake_target=None, cmake_target_skip_unavailable=False, cmake_clean_cache=False, cmake_clean_first=False, cmake_force_configure=False, ament_cmake_args=None, catkin_cmake_args=None, catkin_skip_building_tests=False, verb_parser=<colcon_defaults.argument_parser.defaults.DefaultArgumentsDecorator object at 0x7c8b2fd43220>, verb_extension=<colcon_core.verb.build.BuildVerb object at 0x7c8b2fd42c80>, main=<bound method BuildVerb.main of <colcon_core.verb.build.BuildVerb object at 0x7c8b2fd42c80>>)
[0.207s] Level 1:colcon.colcon_core.package_discovery:discover_packages(colcon_meta) check parameters
[0.207s] Level 1:colcon.colcon_core.package_discovery:discover_packages(recursive) check parameters
[0.207s] Level 1:colcon.colcon_core.package_discovery:discover_packages(ignore) check parameters
[0.207s] Level 1:colcon.colcon_core.package_discovery:discover_packages(path) check parameters
[0.207s] Level 1:colcon.colcon_core.package_discovery:discover_packages(colcon_meta) discover
[0.207s] Level 1:colcon.colcon_core.package_discovery:discover_packages(recursive) discover
[0.207s] INFO:colcon.colcon_core.package_discovery:Crawling recursively for packages in '/home/lorenzo/Desktop/CAR/Unity_Nav2/my_pub_pkg'
[0.207s] Level 1:colcon.colcon_core.package_identification:_identify(.) by extensions ['ignore', 'ignore_ament_install']
[0.207s] Level 1:colcon.colcon_core.package_identification:_identify(.) by extension 'ignore'
[0.207s] Level 1:colcon.colcon_core.package_identification:_identify(.) by extension 'ignore_ament_install'
[0.207s] Level 1:colcon.colcon_core.package_identification:_identify(.) by extensions ['colcon_pkg']
[0.207s] Level 1:colcon.colcon_core.package_identification:_identify(.) by extension 'colcon_pkg'
[0.207s] Level 1:colcon.colcon_core.package_identification:_identify(.) by extensions ['colcon_meta']
[0.207s] Level 1:colcon.colcon_core.package_identification:_identify(.) by extension 'colcon_meta'
[0.207s] Level 1:colcon.colcon_core.package_identification:_identify(.) by extensions ['ros']
[0.207s] Level 1:colcon.colcon_core.package_identification:_identify(.) by extension 'ros'
[0.218s] DEBUG:colcon.colcon_core.package_identification:Package '.' with type 'ros.ament_python' and name 'my_pub_pkg'
[0.218s] Level 1:colcon.colcon_core.package_discovery:discover_packages(recursive) using defaults
[0.218s] Level 1:colcon.colcon_core.package_discovery:discover_packages(ignore) discover
[0.218s] Level 1:colcon.colcon_core.package_discovery:discover_packages(ignore) using defaults
[0.218s] Level 1:colcon.colcon_core.package_discovery:discover_packages(path) discover
[0.218s] Level 1:colcon.colcon_core.package_discovery:discover_packages(path) using defaults
[0.234s] Level 1:colcon.colcon_core.package_discovery:discover_packages(prefix_path) check parameters
[0.234s] Level 1:colcon.colcon_core.package_discovery:discover_packages(prefix_path) discover
[0.236s] DEBUG:colcon.colcon_installed_package_information.package_discovery:Found 316 installed packages in /opt/ros/humble
[0.249s] Level 1:colcon.colcon_core.package_discovery:discover_packages(prefix_path) using defaults
[0.281s] Level 5:colcon.colcon_core.verb:set package 'my_pub_pkg' build argument 'cmake_args' from command line to 'None'
[0.281s] Level 5:colcon.colcon_core.verb:set package 'my_pub_pkg' build argument 'cmake_target' from command line to 'None'
[0.281s] Level 5:colcon.colcon_core.verb:set package 'my_pub_pkg' build argument 'cmake_target_skip_unavailable' from command line to 'False'
[0.281s] Level 5:colcon.colcon_core.verb:set package 'my_pub_pkg' build argument 'cmake_clean_cache' from command line to 'False'
[0.282s] Level 5:colcon.colcon_core.verb:set package 'my_pub_pkg' build argument 'cmake_clean_first' from command line to 'False'
[0.282s] Level 5:colcon.colcon_core.verb:set package 'my_pub_pkg' build argument 'cmake_force_configure' from command line to 'False'
[0.282s] Level 5:colcon.colcon_core.verb:set package 'my_pub_pkg' build argument 'ament_cmake_args' from command line to 'None'
[0.282s] Level 5:colcon.colcon_core.verb:set package 'my_pub_pkg' build argument 'catkin_cmake_args' from command line to 'None'
[0.282s] Level 5:colcon.colcon_core.verb:set package 'my_pub_pkg' build argument 'catkin_skip_building_tests' from command line to 'False'
[0.282s] DEBUG:colcon.colcon_core.verb:Building package 'my_pub_pkg' with the following arguments: {'ament_cmake_args': None, 'build_base': '/home/lorenzo/Desktop/CAR/Unity_Nav2/my_pub_pkg/build/my_pub_pkg', 'catkin_cmake_args': None, 'catkin_skip_building_tests': False, 'cmake_args': None, 'cmake_clean_cache': False, 'cmake_clean_first': False, 'cmake_force_configure': False, 'cmake_target': None, 'cmake_target_skip_unavailable': False, 'install_base': '/home/lorenzo/Desktop/CAR/Unity_Nav2/my_pub_pkg/install/my_pub_pkg', 'merge_install': False, 'path': '/home/lorenzo/Desktop/CAR/Unity_Nav2/my_pub_pkg', 'symlink_install': False, 'test_result_base': None}
[0.282s] INFO:colcon.colcon_core.executor:Executing jobs using 'parallel' executor
[0.283s] DEBUG:colcon.colcon_parallel_executor.executor.parallel:run_until_complete
[0.283s] INFO:colcon.colcon_ros.task.ament_python.build:Building ROS package in '/home/lorenzo/Desktop/CAR/Unity_Nav2/my_pub_pkg' with build type 'ament_python'
[0.283s] Level 1:colcon.colcon_core.shell:create_environment_hook('my_pub_pkg', 'ament_prefix_path')
[0.285s] INFO:colcon.colcon_core.plugin_system:Skipping extension 'colcon_core.shell.bat': Not used on non-Windows systems
[0.285s] INFO:colcon.colcon_core.shell:Creating environment hook '/home/lorenzo/Desktop/CAR/Unity_Nav2/my_pub_pkg/install/my_pub_pkg/share/my_pub_pkg/hook/ament_prefix_path.ps1'
[0.286s] INFO:colcon.colcon_core.shell:Creating environment descriptor '/home/lorenzo/Desktop/CAR/Unity_Nav2/my_pub_pkg/install/my_pub_pkg/share/my_pub_pkg/hook/ament_prefix_path.dsv'
[0.286s] INFO:colcon.colcon_core.shell:Creating environment hook '/home/lorenzo/Desktop/CAR/Unity_Nav2/my_pub_pkg/install/my_pub_pkg/share/my_pub_pkg/hook/ament_prefix_path.sh'
[0.287s] INFO:colcon.colcon_core.shell:Skip shell extension 'powershell' for command environment: Not usable outside of PowerShell
[0.287s] DEBUG:colcon.colcon_core.shell:Skip shell extension 'dsv' for command environment
[0.486s] INFO:colcon.colcon_core.task.python.build:Building Python package in '/home/lorenzo/Desktop/CAR/Unity_Nav2/my_pub_pkg'
[0.486s] INFO:colcon.colcon_core.shell:Skip shell extension 'powershell' for command environment: Not usable outside of PowerShell
[0.486s] DEBUG:colcon.colcon_core.shell:Skip shell extension 'dsv' for command environment
[0.746s] DEBUG:colcon.colcon_core.event_handler.log_command:Invoking command in '/home/lorenzo/Desktop/CAR/Unity_Nav2/my_pub_pkg': PYTHONPATH=/home/lorenzo/Desktop/CAR/Unity_Nav2/my_pub_pkg/build/my_pub_pkg/prefix_override:/usr/lib/python3/dist-packages/colcon_core/task/python/colcon_distutils_commands:/home/lorenzo/Desktop/CAR/Unity_Nav2/my_pub_pkg/install/my_pub_pkg/lib/python3.10/site-packages:${PYTHONPATH} /usr/bin/python3 -W ignore:setup.py install is deprecated -W ignore:easy_install command is deprecated setup.py egg_info --egg-base build/my_pub_pkg build --build-base /home/lorenzo/Desktop/CAR/Unity_Nav2/my_pub_pkg/build/my_pub_pkg/build install --record /home/lorenzo/Desktop/CAR/Unity_Nav2/my_pub_pkg/build/my_pub_pkg/install.log --single-version-externally-managed install_data
[0.979s] DEBUG:colcon.colcon_core.event_handler.log_command:Invoked command in '/home/lorenzo/Desktop/CAR/Unity_Nav2/my_pub_pkg' returned '0': PYTHONPATH=/home/lorenzo/Desktop/CAR/Unity_Nav2/my_pub_pkg/build/my_pub_pkg/prefix_override:/usr/lib/python3/dist-packages/colcon_core/task/python/colcon_distutils_commands:/home/lorenzo/Desktop/CAR/Unity_Nav2/my_pub_pkg/install/my_pub_pkg/lib/python3.10/site-packages:${PYTHONPATH} /usr/bin/python3 -W ignore:setup.py install is deprecated -W ignore:easy_install command is deprecated setup.py egg_info --egg-base build/my_pub_pkg build --build-base /home/lorenzo/Desktop/CAR/Unity_Nav2/my_pub_pkg/build/my_pub_pkg/build install --record /home/lorenzo/Desktop/CAR/Unity_Nav2/my_pub_pkg/build/my_pub_pkg/install.log --single-version-externally-managed install_data
[0.981s] Level 1:colcon.colcon_core.environment:checking '/home/lorenzo/Desktop/CAR/Unity_Nav2/my_pub_pkg/install/my_pub_pkg' for CMake module files
[0.981s] Level 1:colcon.colcon_core.environment:checking '/home/lorenzo/Desktop/CAR/Unity_Nav2/my_pub_pkg/install/my_pub_pkg' for CMake config files
[0.982s] Level 1:colcon.colcon_core.environment:checking '/home/lorenzo/Desktop/CAR/Unity_Nav2/my_pub_pkg/install/my_pub_pkg/lib'
[0.982s] Level 1:colcon.colcon_core.environment:checking '/home/lorenzo/Desktop/CAR/Unity_Nav2/my_pub_pkg/install/my_pub_pkg/bin'
[0.982s] Level 1:colcon.colcon_core.environment:checking '/home/lorenzo/Desktop/CAR/Unity_Nav2/my_pub_pkg/install/my_pub_pkg/lib/pkgconfig/my_pub_pkg.pc'
[0.982s] Level 1:colcon.colcon_core.environment:checking '/home/lorenzo/Desktop/CAR/Unity_Nav2/my_pub_pkg/install/my_pub_pkg/lib/python3.10/site-packages'
[0.982s] Level 1:colcon.colcon_core.shell:create_environment_hook('my_pub_pkg', 'pythonpath')
[0.982s] INFO:colcon.colcon_core.shell:Creating environment hook '/home/lorenzo/Desktop/CAR/Unity_Nav2/my_pub_pkg/install/my_pub_pkg/share/my_pub_pkg/hook/pythonpath.ps1'
[0.983s] INFO:colcon.colcon_core.shell:Creating environment descriptor '/home/lorenzo/Desktop/CAR/Unity_Nav2/my_pub_pkg/install/my_pub_pkg/share/my_pub_pkg/hook/pythonpath.dsv'
[0.983s] INFO:colcon.colcon_core.shell:Creating environment hook '/home/lorenzo/Desktop/CAR/Unity_Nav2/my_pub_pkg/install/my_pub_pkg/share/my_pub_pkg/hook/pythonpath.sh'
[0.983s] Level 1:colcon.colcon_core.environment:checking '/home/lorenzo/Desktop/CAR/Unity_Nav2/my_pub_pkg/install/my_pub_pkg/bin'
[0.983s] Level 1:colcon.colcon_core.environment:create_environment_scripts_only(my_pub_pkg)
[0.984s] INFO:colcon.colcon_core.shell:Creating package script '/home/lorenzo/Desktop/CAR/Unity_Nav2/my_pub_pkg/install/my_pub_pkg/share/my_pub_pkg/package.ps1'
[0.984s] INFO:colcon.colcon_core.shell:Creating package descriptor '/home/lorenzo/Desktop/CAR/Unity_Nav2/my_pub_pkg/install/my_pub_pkg/share/my_pub_pkg/package.dsv'
[0.985s] INFO:colcon.colcon_core.shell:Creating package script '/home/lorenzo/Desktop/CAR/Unity_Nav2/my_pub_pkg/install/my_pub_pkg/share/my_pub_pkg/package.sh'
[0.985s] INFO:colcon.colcon_core.shell:Creating package script '/home/lorenzo/Desktop/CAR/Unity_Nav2/my_pub_pkg/install/my_pub_pkg/share/my_pub_pkg/package.bash'
[0.986s] INFO:colcon.colcon_core.shell:Creating package script '/home/lorenzo/Desktop/CAR/Unity_Nav2/my_pub_pkg/install/my_pub_pkg/share/my_pub_pkg/package.zsh'
[0.986s] Level 1:colcon.colcon_core.environment:create_file_with_runtime_dependencies(/home/lorenzo/Desktop/CAR/Unity_Nav2/my_pub_pkg/install/my_pub_pkg/share/colcon-core/packages/my_pub_pkg)
[0.987s] DEBUG:colcon.colcon_parallel_executor.executor.parallel:closing loop
[0.987s] DEBUG:colcon.colcon_parallel_executor.executor.parallel:loop closed
[0.987s] DEBUG:colcon.colcon_parallel_executor.executor.parallel:run_until_complete finished with '0'
[0.987s] DEBUG:colcon.colcon_core.event_reactor:joining thread
[0.992s] INFO:colcon.colcon_core.plugin_system:Skipping extension 'colcon_notification.desktop_notification.terminal_notifier': Not used on non-Darwin systems
[0.992s] INFO:colcon.colcon_core.plugin_system:Skipping extension 'colcon_notification.desktop_notification.win32': Not used on non-Windows systems
[0.992s] INFO:colcon.colcon_notification.desktop_notification:Sending desktop notification using 'notify2'
[1.004s] DEBUG:colcon.colcon_core.event_reactor:joined thread
[1.005s] INFO:colcon.colcon_core.shell:Creating prefix script '/home/lorenzo/Desktop/CAR/Unity_Nav2/my_pub_pkg/install/local_setup.ps1'
[1.006s] INFO:colcon.colcon_core.shell:Creating prefix util module '/home/lorenzo/Desktop/CAR/Unity_Nav2/my_pub_pkg/install/_local_setup_util_ps1.py'
[1.007s] INFO:colcon.colcon_core.shell:Creating prefix chain script '/home/lorenzo/Desktop/CAR/Unity_Nav2/my_pub_pkg/install/setup.ps1'
[1.008s] INFO:colcon.colcon_core.shell:Creating prefix script '/home/lorenzo/Desktop/CAR/Unity_Nav2/my_pub_pkg/install/local_setup.sh'
[1.008s] INFO:colcon.colcon_core.shell:Creating prefix util module '/home/lorenzo/Desktop/CAR/Unity_Nav2/my_pub_pkg/install/_local_setup_util_sh.py'
[1.008s] INFO:colcon.colcon_core.shell:Creating prefix chain script '/home/lorenzo/Desktop/CAR/Unity_Nav2/my_pub_pkg/install/setup.sh'
[1.009s] INFO:colcon.colcon_core.shell:Creating prefix script '/home/lorenzo/Desktop/CAR/Unity_Nav2/my_pub_pkg/install/local_setup.bash'
[1.009s] INFO:colcon.colcon_core.shell:Creating prefix chain script '/home/lorenzo/Desktop/CAR/Unity_Nav2/my_pub_pkg/install/setup.bash'
[1.010s] INFO:colcon.colcon_core.shell:Creating prefix script '/home/lorenzo/Desktop/CAR/Unity_Nav2/my_pub_pkg/install/local_setup.zsh'
[1.011s] INFO:colcon.colcon_core.shell:Creating prefix chain script '/home/lorenzo/Desktop/CAR/Unity_Nav2/my_pub_pkg/install/setup.zsh'
